Archive member included to satisfy reference by file (symbol)

C:/ST/STM32CubeIDE_1.16.0/STM32CubeIDE/plugins/com.st.stm32cube.ide.mcu.externaltools.gnu-tools-for-stm32.12.3.rel1.win32_1.0.200.202406191623/tools/bin/../lib/gcc/arm-none-eabi/12.3.1/../../../../arm-none-eabi/lib/thumb/v7e-m+fp/hard\libc_nano.a(libc_a-exit.o)
                              C:/ST/STM32CubeIDE_1.16.0/STM32CubeIDE/plugins/com.st.stm32cube.ide.mcu.externaltools.gnu-tools-for-stm32.12.3.rel1.win32_1.0.200.202406191623/tools/bin/../lib/gcc/arm-none-eabi/12.3.1/../../../../arm-none-eabi/lib/thumb/v7e-m+fp/hard/crt0.o (exit)
C:/ST/STM32CubeIDE_1.16.0/STM32CubeIDE/plugins/com.st.stm32cube.ide.mcu.externaltools.gnu-tools-for-stm32.12.3.rel1.win32_1.0.200.202406191623/tools/bin/../lib/gcc/arm-none-eabi/12.3.1/../../../../arm-none-eabi/lib/thumb/v7e-m+fp/hard\libc_nano.a(libc_a-findfp.o)
                              C:/ST/STM32CubeIDE_1.16.0/STM32CubeIDE/plugins/com.st.stm32cube.ide.mcu.externaltools.gnu-tools-for-stm32.12.3.rel1.win32_1.0.200.202406191623/tools/bin/../lib/gcc/arm-none-eabi/12.3.1/../../../../arm-none-eabi/lib/thumb/v7e-m+fp/hard\libc_nano.a(libc_a-exit.o) (__stdio_exit_handler)
C:/ST/STM32CubeIDE_1.16.0/STM32CubeIDE/plugins/com.st.stm32cube.ide.mcu.externaltools.gnu-tools-for-stm32.12.3.rel1.win32_1.0.200.202406191623/tools/bin/../lib/gcc/arm-none-eabi/12.3.1/../../../../arm-none-eabi/lib/thumb/v7e-m+fp/hard\libc_nano.a(libc_a-fwalk.o)
                              C:/ST/STM32CubeIDE_1.16.0/STM32CubeIDE/plugins/com.st.stm32cube.ide.mcu.externaltools.gnu-tools-for-stm32.12.3.rel1.win32_1.0.200.202406191623/tools/bin/../lib/gcc/arm-none-eabi/12.3.1/../../../../arm-none-eabi/lib/thumb/v7e-m+fp/hard\libc_nano.a(libc_a-findfp.o) (_fwalk_sglue)
C:/ST/STM32CubeIDE_1.16.0/STM32CubeIDE/plugins/com.st.stm32cube.ide.mcu.externaltools.gnu-tools-for-stm32.12.3.rel1.win32_1.0.200.202406191623/tools/bin/../lib/gcc/arm-none-eabi/12.3.1/../../../../arm-none-eabi/lib/thumb/v7e-m+fp/hard\libc_nano.a(libc_a-stdio.o)
                              C:/ST/STM32CubeIDE_1.16.0/STM32CubeIDE/plugins/com.st.stm32cube.ide.mcu.externaltools.gnu-tools-for-stm32.12.3.rel1.win32_1.0.200.202406191623/tools/bin/../lib/gcc/arm-none-eabi/12.3.1/../../../../arm-none-eabi/lib/thumb/v7e-m+fp/hard\libc_nano.a(libc_a-findfp.o) (__sread)
C:/ST/STM32CubeIDE_1.16.0/STM32CubeIDE/plugins/com.st.stm32cube.ide.mcu.externaltools.gnu-tools-for-stm32.12.3.rel1.win32_1.0.200.202406191623/tools/bin/../lib/gcc/arm-none-eabi/12.3.1/../../../../arm-none-eabi/lib/thumb/v7e-m+fp/hard\libc_nano.a(libc_a-memset.o)
                              C:/ST/STM32CubeIDE_1.16.0/STM32CubeIDE/plugins/com.st.stm32cube.ide.mcu.externaltools.gnu-tools-for-stm32.12.3.rel1.win32_1.0.200.202406191623/tools/bin/../lib/gcc/arm-none-eabi/12.3.1/../../../../arm-none-eabi/lib/thumb/v7e-m+fp/hard/crt0.o (memset)
C:/ST/STM32CubeIDE_1.16.0/STM32CubeIDE/plugins/com.st.stm32cube.ide.mcu.externaltools.gnu-tools-for-stm32.12.3.rel1.win32_1.0.200.202406191623/tools/bin/../lib/gcc/arm-none-eabi/12.3.1/../../../../arm-none-eabi/lib/thumb/v7e-m+fp/hard\libc_nano.a(libc_a-closer.o)
                              C:/ST/STM32CubeIDE_1.16.0/STM32CubeIDE/plugins/com.st.stm32cube.ide.mcu.externaltools.gnu-tools-for-stm32.12.3.rel1.win32_1.0.200.202406191623/tools/bin/../lib/gcc/arm-none-eabi/12.3.1/../../../../arm-none-eabi/lib/thumb/v7e-m+fp/hard\libc_nano.a(libc_a-stdio.o) (_close_r)
C:/ST/STM32CubeIDE_1.16.0/STM32CubeIDE/plugins/com.st.stm32cube.ide.mcu.externaltools.gnu-tools-for-stm32.12.3.rel1.win32_1.0.200.202406191623/tools/bin/../lib/gcc/arm-none-eabi/12.3.1/../../../../arm-none-eabi/lib/thumb/v7e-m+fp/hard\libc_nano.a(libc_a-reent.o)
                              C:/ST/STM32CubeIDE_1.16.0/STM32CubeIDE/plugins/com.st.stm32cube.ide.mcu.externaltools.gnu-tools-for-stm32.12.3.rel1.win32_1.0.200.202406191623/tools/bin/../lib/gcc/arm-none-eabi/12.3.1/../../../../arm-none-eabi/lib/thumb/v7e-m+fp/hard\libc_nano.a(libc_a-closer.o) (errno)
C:/ST/STM32CubeIDE_1.16.0/STM32CubeIDE/plugins/com.st.stm32cube.ide.mcu.externaltools.gnu-tools-for-stm32.12.3.rel1.win32_1.0.200.202406191623/tools/bin/../lib/gcc/arm-none-eabi/12.3.1/../../../../arm-none-eabi/lib/thumb/v7e-m+fp/hard\libc_nano.a(libc_a-impure.o)
                              C:/ST/STM32CubeIDE_1.16.0/STM32CubeIDE/plugins/com.st.stm32cube.ide.mcu.externaltools.gnu-tools-for-stm32.12.3.rel1.win32_1.0.200.202406191623/tools/bin/../lib/gcc/arm-none-eabi/12.3.1/../../../../arm-none-eabi/lib/thumb/v7e-m+fp/hard\libc_nano.a(libc_a-reent.o) (_impure_ptr)
C:/ST/STM32CubeIDE_1.16.0/STM32CubeIDE/plugins/com.st.stm32cube.ide.mcu.externaltools.gnu-tools-for-stm32.12.3.rel1.win32_1.0.200.202406191623/tools/bin/../lib/gcc/arm-none-eabi/12.3.1/../../../../arm-none-eabi/lib/thumb/v7e-m+fp/hard\libc_nano.a(libc_a-lseekr.o)
[...]
Memory Configuration

Name             Origin             Length             Attributes
RAM              0x20000000         0x00020000         xrw
FLASH            0x08000000         0x00080000         xr
*default*        0x00000000         0xffffffff

Linker script and memory map

LOAD C:/ST/STM32CubeIDE_1.16.0/STM32CubeIDE/plugins/com.st.stm32cube.ide.mcu.externaltools.gnu-tools-for-stm32.12.3.rel1.win32_1.0.200.202406191623/tools/bin/../lib/gcc/arm-none-eabi/12.3.1/thumb/v7e-m+fp/hard/crti.o
LOAD C:/ST/STM32CubeIDE_1.16.0/STM32CubeIDE/plugins/com.st.stm32cube.ide.mcu.externaltools.gnu-tools-for-stm32.12.3.rel1.win32_1.0.200.202406191623/tools/bin/../lib/gcc/arm-none-eabi/12.3.1/thumb/v7e-m+fp/hard/crtbegin.o
LOAD C:/ST/STM32CubeIDE_1.16.0/STM32CubeIDE/plugins/com.st.stm32cube.ide.mcu.externaltools.gnu-tools-for-stm32.12.3.rel1.win32_1.0.200.202406191623/tools/bin/../lib/gcc/arm-none-eabi/12.3.1/../../../../arm-none-eabi/lib/thumb/v7e-m+fp/hard/crt0.o
LOAD ./Core/Src/gpio.o
LOAD ./Core/Src/hrtim.o
LOAD ./Core/Src/main.o
LOAD ./Core/Src/stm32g4xx_hal_msp.o
LOAD ./Core/Src/stm32g4xx_it.o
LOAD ./Core/Src/syscalls.o
LOAD ./Core/Src/sysmem.o
LOAD ./Core/Src/system_stm32g4xx.o
LOAD ./Core/Startup/startup_stm32g474retx.o
LOAD ./Drivers/STM32G4xx_HAL_Driver/Src/stm32g4xx_hal.o
LOAD ./Drivers/STM32G4xx_HAL_Driver/Src/stm32g4xx_hal_cortex.o
LOAD ./Drivers/STM32G4xx_HAL_Driver/Src/stm32g4xx_hal_dma.o
LOAD ./Drivers/STM32G4xx_HAL_Driver/Src/stm32g4xx_hal_dma_ex.o
LOAD ./Drivers/STM32G4xx_HAL_Driver/Src/stm32g4xx_hal_exti.o
LOAD ./Drivers/STM32G4xx_HAL_Driver/Src/stm32g4xx_hal_flash.o
LOAD ./Drivers/STM32G4xx_HAL_Driver/Src/stm32g4xx_hal_flash_ex.o
LOAD ./Drivers/STM32G4xx_HAL_Driver/Src/stm32g4xx_hal_flash_ramfunc.o
LOAD ./Drivers/STM32G4xx_HAL_Driver/Src/stm32g4xx_hal_gpio.o
LOAD ./Drivers/STM32G4xx_HAL_Driver/Src/stm32g4xx_hal_hrtim.o
LOAD ./Drivers/STM32G4xx_HAL_Driver/Src/stm32g4xx_hal_pwr.o
LOAD ./Drivers/STM32G4xx_HAL_Driver/Src/stm32g4xx_hal_pwr_ex.o
LOAD ./Drivers/STM32G4xx_HAL_Driver/Src/stm32g4xx_hal_rcc.o
LOAD ./Drivers/STM32G4xx_HAL_Driver/Src/stm32g4xx_hal_rcc_ex.o
LOAD ./Drivers/STM32G4xx_HAL_Driver/Src/stm32g4xx_hal_tim.o
LOAD ./Drivers/STM32G4xx_HAL_Driver/Src/stm32g4xx_hal_tim_ex.o
START GROUP
LOAD C:/ST/STM32CubeIDE_1.16.0/STM32CubeIDE/plugins/com.st.stm32cube.ide.mcu.externaltools.gnu-tools-for-stm32.12.3.rel1.win32_1.0.200.202406191623/tools/bin/../lib/gcc/arm-none-eabi/12.3.1/../../../../arm-none-eabi/lib/thumb/v7e-m+fp/hard\libc_nano.a
LOAD C:/ST/STM32CubeIDE_1.16.0/STM32CubeIDE/plugins/com.st.stm32cube.ide.mcu.externaltools.gnu-tools-for-stm32.12.3.rel1.win32_1.0.200.202406191623/tools/bin/../lib/gcc/arm-none-eabi/12.3.1/../../../../arm-none-eabi/lib/thumb/v7e-m+fp/hard\libm.a
END GROUP
START GROUP
LOAD C:/ST/STM32CubeIDE_1.16.0/STM32CubeIDE/plugins/com.st.stm32cube.ide.mcu.externaltools.gnu-tools-for-stm32.12.3.rel1.win32_1.0.200.202406191623/tools/bin/../lib/gcc/arm-none-eabi/12.3.1/thumb/v7e-m+fp/hard\libgcc.a
LOAD C:/ST/STM32CubeIDE_1.16.0/STM32CubeIDE/plugins/com.st.stm32cube.ide.mcu.externaltools.gnu-tools-for-stm32.12.3.rel1.win32_1.0.200.202406191623/tools/bin/../lib/gcc/arm-none-eabi/12.3.1/../../../../arm-none-eabi/lib/thumb/v7e-m+fp/hard\libc_nano.a
END GROUP
START GROUP
LOAD C:/ST/STM32CubeIDE_1.16.0/STM32CubeIDE/plugins/com.st.stm32cube.ide.mcu.externaltools.gnu-tools-for-stm32.12.3.rel1.win32_1.0.200.202406191623/tools/bin/../lib/gcc/arm-none-eabi/12.3.1/thumb/v7e-m+fp/hard\libgcc.a
LOAD C:/ST/STM32CubeIDE_1.16.0/STM32CubeIDE/plugins/com.st.stm32cube.ide.mcu.externaltools.gnu-tools-for-stm32.12.3.rel1.win32_1.0.200.202406191623/tools/bin/../lib/gcc/arm-none-eabi/12.3.1/../../../../arm-none-eabi/lib/thumb/v7e-m+fp/hard\libc_nano.a
LOAD C:/ST/STM32CubeIDE_1.16.0/STM32CubeIDE/plugins/com.st.stm32cube.ide.mcu.externaltools.gnu-tools-for-stm32.12.3.rel1.win32_1.0.200.202406191623/tools/bin/../lib/gcc/arm-none-eabi/12.3.1/../../../../arm-none-eabi/lib/thumb/v7e-m+fp/hard\libnosys.a
END GROUP
START GROUP
LOAD C:/ST/STM32CubeIDE_1.16.0/STM32CubeIDE/plugins/com.st.stm32cube.ide.mcu.externaltools.gnu-tools-for-stm32.12.3.rel1.win32_1.0.200.202406191623/tools/bin/../lib/gcc/arm-none-eabi/12.3.1/thumb/v7e-m+fp/hard\libgcc.a
LOAD C:/ST/STM32CubeIDE_1.16.0/STM32CubeIDE/plugins/com.st.stm32cube.ide.mcu.externaltools.gnu-tools-for-stm32.12.3.rel1.win32_1.0.200.202406191623/tools/bin/../lib/gcc/arm-none-eabi/12.3.1/../../../../arm-none-eabi/lib/thumb/v7e-m+fp/hard\libc_nano.a
LOAD C:/ST/STM32CubeIDE_1.16.0/STM32CubeIDE/plugins/com.st.stm32cube.ide.mcu.externaltools.gnu-tools-for-stm32.12.3.rel1.win32_1.0.200.202406191623/tools/bin/../lib/gcc/arm-none-eabi/12.3.1/../../../../arm-none-eabi/lib/thumb/v7e-m+fp/hard\libnosys.a
END GROUP
LOAD C:/ST/STM32CubeIDE_1.16.0/STM32CubeIDE/plugins/com.st.stm32cube.ide.mcu.externaltools.gnu-tools-for-stm32.12.3.rel1.win32_1.0.200.202406191623/tools/bin/../lib/gcc/arm-none-eabi/12.3.1/thumb/v7e-m+fp/hard/crtend.o
LOAD C:/ST/STM32CubeIDE_1.16.0/STM32CubeIDE/plugins/com.st.stm32cube.ide.mcu.externaltools.gnu-tools-for-stm32.12.3.rel1.win32_1.0.200.202406191623/tools/bin/../lib/gcc/arm-none-eabi/12.3.1/thumb/v7e-m+fp/hard/crtn.o
                0x20020000                        _estack = (ORIGIN (RAM) + LENGTH (RAM))
                0x00000200                        _Min_Heap_Size = 0x200
                0x00000400                        _Min_Stack_Size = 0x400

.isr_vector     0x08000000      0x1d8
                0x08000000                        . = ALIGN (0x4)
 *(.isr_vector)
 .isr_vector    0x08000000      0x1d8 ./Core/Startup/startup_stm32g474retx.o
                0x08000000                g_pfnVectors
                0x080001d8                        . = ALIGN (0x4)

.text           0x080001d8     0x2c40
                0x080001d8                        . = ALIGN (0x4)
 *(.text)
 .text          0x080001d8       0x40 C:/ST/STM32CubeIDE_1.16.0/STM32CubeIDE/plugins/com.st.stm32cube.ide.mcu.externaltools.gnu-tools-for-stm32.12.3.rel1.win32_1.0.200.202406191623/tools/bin/../lib/gcc/arm-none-eabi/12.3.1/thumb/v7e-m+fp/hard/crtbegin.o
 *(.text*)
 .text.MX_GPIO_Init
                0x08000218       0x7c ./Core/Src/gpio.o
                0x08000218                MX_GPIO_Init
 .text.MX_HRTIM1_Init
                0x08000294      0x3cc ./Core/Src/hrtim.o
                0x08000294                MX_HRTIM1_Init
 .text.HAL_HRTIM_MspInit
                0x08000660       0x40 ./Core/Src/hrtim.o
                0x08000660                HAL_HRTIM_MspInit
 .text.HAL_HRTIM_MspPostInit
                0x080006a0       0x70 ./Core/Src/hrtim.o
                0x080006a0                HAL_HRTIM_MspPostInit
 .text.main     0x08000710       0x6c ./Core/Src/main.o
                0x08000710                main
 .text.SystemClock_Config
                0x0800077c       0x94 ./Core/Src/main.o
                0x0800077c                SystemClock_Config
 .text.Error_Handler
                0x08000810        0xc ./Core/Src/main.o
                0x08000810                Error_Handler
 .text.HAL_MspInit
                0x0800081c       0x48 ./Core/Src/stm32g4xx_hal_msp.o
                0x0800081c                HAL_MspInit
 .text.NMI_Handler
                0x08000864        0x8 ./Core/Src/stm32g4xx_it.o
                0x08000864                NMI_Handler
 .text.HardFault_Handler
                0x0800086c        0x8 ./Core/Src/stm32g4xx_it.o
                0x0800086c                HardFault_Handler
 .text.MemManage_Handler
                0x08000874        0x8 ./Core/Src/stm32g4xx_it.o
                0x08000874                MemManage_Handler
 .text.BusFault_Handler
                0x0800087c        0x8 ./Core/Src/stm32g4xx_it.o
                0x0800087c                BusFault_Handler
 .text.UsageFault_Handler
                0x08000884        0x8 ./Core/Src/stm32g4xx_it.o
                0x08000884                UsageFault_Handler
 .text.SVC_Handler
                0x0800088c        0xe ./Core/Src/stm32g4xx_it.o
                0x0800088c                SVC_Handler
 .text.DebugMon_Handler
                0x0800089a        0xe ./Core/Src/stm32g4xx_it.o
                0x0800089a                DebugMon_Handler
 .text.PendSV_Handler
                0x080008a8        0xe ./Core/Src/stm32g4xx_it.o
                0x080008a8                PendSV_Handler
 .text.SysTick_Handler
                0x080008b6        0xc ./Core/Src/stm32g4xx_it.o
                0x080008b6                SysTick_Handler
 *fill*         0x080008c2        0x2 
 .text.SystemInit
                0x080008c4       0x24 ./Core/Src/system_stm32g4xx.o
                0x080008c4                SystemInit
 .text.Reset_Handler
                0x080008e8       0x50 ./Core/Startup/startup_stm32g474retx.o
                0x080008e8                Reset_Handler
 .text.Default_Handler
                0x08000938        0x2 ./Core/Startup/startup_stm32g474retx.o
                0x08000938                RTC_Alarm_IRQHandler
                0x08000938                EXTI2_IRQHandler
                0x08000938                TIM8_TRG_COM_IRQHandler
                0x08000938                TIM8_CC_IRQHandler
                0x08000938                HRTIM1_Master_IRQHandler
                0x08000938                SPI4_IRQHandler
                0x08000938                FDCAN3_IT0_IRQHandler
                0x08000938                TIM1_CC_IRQHandler
                0x08000938                HRTIM1_FLT_IRQHandler
                0x08000938                HRTIM1_TIMF_IRQHandler
                0x08000938                USB_HP_IRQHandler
                0x08000938                CORDIC_IRQHandler
                0x08000938                HRTIM1_TIMD_IRQHandler
                0x08000938                DMA2_Channel8_IRQHandler
                0x08000938                EXTI3_IRQHandler
                0x08000938                I2C3_ER_IRQHandler
                0x08000938                EXTI0_IRQHandler
                0x08000938                I2C2_EV_IRQHandler
                0x08000938                FPU_IRQHandler
                0x08000938                FDCAN1_IT1_IRQHandler
                0x08000938                TIM1_UP_TIM16_IRQHandler
                0x08000938                ADC1_2_IRQHandler
                0x08000938                HRTIM1_TIME_IRQHandler
                0x08000938                SPI1_IRQHandler
                0x08000938                TIM6_DAC_IRQHandler
                0x08000938                HRTIM1_TIMC_IRQHandler
                0x08000938                TIM8_UP_IRQHandler
                0x08000938                DMA2_Channel2_IRQHandler
                0x08000938                DMA1_Channel4_IRQHandler
                0x08000938                TIM20_TRG_COM_IRQHandler
                0x08000938                USART3_IRQHandler
                0x08000938                DMA1_Channel7_IRQHandler
                0x08000938                UART5_IRQHandler
                0x08000938                ADC3_IRQHandler
                0x08000938                TIM4_IRQHandler
                0x08000938                DMA2_Channel1_IRQHandler
                0x08000938                QUADSPI_IRQHandler
                0x08000938                I2C1_EV_IRQHandler
                0x08000938                DMA1_Channel6_IRQHandler
                0x08000938                UART4_IRQHandler
                0x08000938                DMA2_Channel4_IRQHandler
                0x08000938                TIM3_IRQHandler
                0x08000938                RCC_IRQHandler
                0x08000938                TIM20_UP_IRQHandler
                0x08000938                DMA1_Channel1_IRQHandler
                0x08000938                Default_Handler
                0x08000938                DMA2_Channel7_IRQHandler
                0x08000938                RTC_TAMP_LSECSS_IRQHandler
                0x08000938                FMAC_IRQHandler
                0x08000938                EXTI15_10_IRQHandler
                0x08000938                DMA1_Channel8_IRQHandler
                0x08000938                HRTIM1_TIMA_IRQHandler
                0x08000938                TIM7_DAC_IRQHandler
                0x08000938                FDCAN3_IT1_IRQHandler
                0x08000938                TIM5_IRQHandler
                0x08000938                UCPD1_IRQHandler
                0x08000938                I2C3_EV_IRQHandler
                0x08000938                EXTI9_5_IRQHandler
                0x08000938                RTC_WKUP_IRQHandler
                0x08000938                PVD_PVM_IRQHandler
                0x08000938                SPI2_IRQHandler
                0x08000938                ADC5_IRQHandler
                0x08000938                DMA2_Channel5_IRQHandler
                0x08000938                CRS_IRQHandler
                0x08000938                DMA1_Channel5_IRQHandler
                0x08000938                USB_LP_IRQHandler
                0x08000938                EXTI4_IRQHandler
                0x08000938                RNG_IRQHandler
                0x08000938                HRTIM1_TIMB_IRQHandler
                0x08000938                TIM1_TRG_COM_TIM17_IRQHandler
                0x08000938                FDCAN2_IT1_IRQHandler
                0x08000938                DMA1_Channel3_IRQHandler
                0x08000938                ADC4_IRQHandler
                0x08000938                WWDG_IRQHandler
                0x08000938                I2C4_EV_IRQHandler
                0x08000938                FDCAN2_IT0_IRQHandler
                0x08000938                LPUART1_IRQHandler
                0x08000938                DMA2_Channel6_IRQHandler
                0x08000938                FDCAN1_IT0_IRQHandler
                0x08000938                TIM2_IRQHandler
                0x08000938                COMP7_IRQHandler
                0x08000938                COMP1_2_3_IRQHandler
                0x08000938                EXTI1_IRQHandler
                0x08000938                USART2_IRQHandler
                0x08000938                COMP4_5_6_IRQHandler
                0x08000938                TIM20_BRK_IRQHandler
                0x08000938                I2C2_ER_IRQHandler
                0x08000938                DMA1_Channel2_IRQHandler
                0x08000938                TIM8_BRK_IRQHandler
                0x08000938                FLASH_IRQHandler
                0x08000938                TIM20_CC_IRQHandler
                0x08000938                USART1_IRQHandler
                0x08000938                SPI3_IRQHandler
                0x08000938                I2C1_ER_IRQHandler
                0x08000938                FMC_IRQHandler
                0x08000938                LPTIM1_IRQHandler
                0x08000938                DMAMUX_OVR_IRQHandler
                0x08000938                I2C4_ER_IRQHandler
                0x08000938                USBWakeUp_IRQHandler
                0x08000938                SAI1_IRQHandler
                0x08000938                DMA2_Channel3_IRQHandler
                0x08000938                TIM1_BRK_TIM15_IRQHandler
 .text.HAL_Init
                0x0800093a       0x30 ./Drivers/STM32G4xx_HAL_Driver/Src/stm32g4xx_hal.o
                0x0800093a                HAL_Init
 *fill*         0x0800096a        0x2 
 .text.HAL_InitTick
                0x0800096c       0x74 ./Drivers/STM32G4xx_HAL_Driver/Src/stm32g4xx_hal.o
                0x0800096c                HAL_InitTick
 .text.HAL_IncTick
                0x080009e0       0x24 ./Drivers/STM32G4xx_HAL_Driver/Src/stm32g4xx_hal.o
                0x080009e0                HAL_IncTick
 .text.HAL_GetTick
                0x08000a04       0x18 ./Drivers/STM32G4xx_HAL_Driver/Src/stm32g4xx_hal.o
                0x08000a04                HAL_GetTick
 .text.HAL_Delay
                0x08000a1c       0x44 ./Drivers/STM32G4xx_HAL_Driver/Src/stm32g4xx_hal.o
                0x08000a1c                HAL_Delay
 .text.__NVIC_SetPriorityGrouping
                0x08000a60       0x48 ./Drivers/STM32G4xx_HAL_Driver/Src/stm32g4xx_hal_cortex.o
 .text.__NVIC_GetPriorityGrouping
                0x08000aa8       0x1c ./Drivers/STM32G4xx_HAL_Driver/Src/stm32g4xx_hal_cortex.o
 .text.__NVIC_SetPriority
                0x08000ac4       0x54 ./Drivers/STM32G4xx_HAL_Driver/Src/stm32g4xx_hal_cortex.o
 .text.NVIC_EncodePriority
                0x08000b18       0x66 ./Drivers/STM32G4xx_HAL_Driver/Src/stm32g4xx_hal_cortex.o
 *fill*         0x08000b7e        0x2 
 .text.SysTick_Config
                0x08000b80       0x44 ./Drivers/STM32G4xx_HAL_Driver/Src/stm32g4xx_hal_cortex.o
 .text.HAL_NVIC_SetPriorityGrouping
                0x08000bc4       0x16 ./Drivers/STM32G4xx_HAL_Driver/Src/stm32g4xx_hal_cortex.o
                0x08000bc4                HAL_NVIC_SetPriorityGrouping
 .text.HAL_NVIC_SetPriority
                0x08000bda       0x34 ./Drivers/STM32G4xx_HAL_Driver/Src/stm32g4xx_hal_cortex.o
                0x08000bda                HAL_NVIC_SetPriority
 .text.HAL_SYSTICK_Config
                0x08000c0e       0x18 ./Drivers/STM32G4xx_HAL_Driver/Src/stm32g4xx_hal_cortex.o
                0x08000c0e                HAL_SYSTICK_Config
 *fill*         0x08000c26        0x2 
 .text.HAL_GPIO_Init
                0x08000c28      0x304 ./Drivers/STM32G4xx_HAL_Driver/Src/stm32g4xx_hal_gpio.o
                0x08000c28                HAL_GPIO_Init
 .text.HAL_GPIO_WritePin
                0x08000f2c       0x30 ./Drivers/STM32G4xx_HAL_Driver/Src/stm32g4xx_hal_gpio.o
                0x08000f2c                HAL_GPIO_WritePin
 .text.HAL_GPIO_TogglePin
                0x08000f5c       0x34 ./Drivers/STM32G4xx_HAL_Driver/Src/stm32g4xx_hal_gpio.o
                0x08000f5c                HAL_GPIO_TogglePin
 .text.HAL_HRTIM_Init
                0x08000f90      0x1a0 ./Drivers/STM32G4xx_HAL_Driver/Src/stm32g4xx_hal_hrtim.o
                0x08000f90                HAL_HRTIM_Init
 .text.HAL_HRTIM_DLLCalibrationStart
                0x08001130       0xb0 ./Drivers/STM32G4xx_HAL_Driver/Src/stm32g4xx_hal_hrtim.o
                0x08001130                HAL_HRTIM_DLLCalibrationStart
 .text.HAL_HRTIM_PollForDLLCalibration
                0x080011e0       0x68 ./Drivers/STM32G4xx_HAL_Driver/Src/stm32g4xx_hal_hrtim.o
                0x080011e0                HAL_HRTIM_PollForDLLCalibration
 .text.HAL_HRTIM_TimeBaseConfig
                0x08001248       0x50 ./Drivers/STM32G4xx_HAL_Driver/Src/stm32g4xx_hal_hrtim.o
                0x08001248                HAL_HRTIM_TimeBaseConfig
 .text.HAL_HRTIM_RollOverModeConfig
                0x08001298       0x5e ./Drivers/STM32G4xx_HAL_Driver/Src/stm32g4xx_hal_hrtim.o
                0x08001298                HAL_HRTIM_RollOverModeConfig
 .text.HAL_HRTIM_WaveformTimerConfig
                0x080012f6      0x11a ./Drivers/STM32G4xx_HAL_Driver/Src/stm32g4xx_hal_hrtim.o
                0x080012f6                HAL_HRTIM_WaveformTimerConfig
 .text.HAL_HRTIM_WaveformTimerControl
                0x08001410       0x66 ./Drivers/STM32G4xx_HAL_Driver/Src/stm32g4xx_hal_hrtim.o
                0x08001410                HAL_HRTIM_WaveformTimerControl
 *fill*         0x08001476        0x2 
 .text.HAL_HRTIM_DeadTimeConfig
                0x08001478      0x100 ./Drivers/STM32G4xx_HAL_Driver/Src/stm32g4xx_hal_hrtim.o
                0x08001478                HAL_HRTIM_DeadTimeConfig
 .text.HAL_HRTIM_WaveformCompareConfig
                0x08001578      0x2dc ./Drivers/STM32G4xx_HAL_Driver/Src/stm32g4xx_hal_hrtim.o
                0x08001578                HAL_HRTIM_WaveformCompareConfig
 .text.HAL_HRTIM_WaveformOutputConfig
                0x08001854       0x62 ./Drivers/STM32G4xx_HAL_Driver/Src/stm32g4xx_hal_hrtim.o
                0x08001854                HAL_HRTIM_WaveformOutputConfig
 .text.HAL_HRTIM_WaveformOutputStart
                0x080018b6       0x5a ./Drivers/STM32G4xx_HAL_Driver/Src/stm32g4xx_hal_hrtim.o
                0x080018b6                HAL_HRTIM_WaveformOutputStart
 .text.HAL_HRTIM_WaveformCountStart
                0x08001910       0x56 ./Drivers/STM32G4xx_HAL_Driver/Src/stm32g4xx_hal_hrtim.o
                0x08001910                HAL_HRTIM_WaveformCountStart
 .text.HRTIM_MasterBase_Config
                0x08001966       0x5e ./Drivers/STM32G4xx_HAL_Driver/Src/stm32g4xx_hal_hrtim.o
 .text.HRTIM_TimingUnitBase_Config
                0x080019c4       0x80 ./Drivers/STM32G4xx_HAL_Driver/Src/stm32g4xx_hal_hrtim.o
 .text.HRTIM_MasterWaveform_Config
                0x08001a44      0x13a ./Drivers/STM32G4xx_HAL_Driver/Src/stm32g4xx_hal_hrtim.o
 *fill*         0x08001b7e        0x2 
 .text.HRTIM_TimingUnitWaveform_Config
                0x08001b80      0x30c ./Drivers/STM32G4xx_HAL_Driver/Src/stm32g4xx_hal_hrtim.o
 .text.HRTIM_TimingUnitWaveform_Control
                0x08001e8c       0xc0 ./Drivers/STM32G4xx_HAL_Driver/Src/stm32g4xx_hal_hrtim.o
 .text.HRTIM_TimingUnitRollOver_Config
                0x08001f4c       0x5c ./Drivers/STM32G4xx_HAL_Driver/Src/stm32g4xx_hal_hrtim.o
 .text.HRTIM_OutputConfig
                0x08001fa8      0x1d0 ./Drivers/STM32G4xx_HAL_Driver/Src/stm32g4xx_hal_hrtim.o
 .text.HRTIM_ForceRegistersUpdate
                0x08002178       0xdc ./Drivers/STM32G4xx_HAL_Driver/Src/stm32g4xx_hal_hrtim.o
 .text.HAL_PWREx_ControlVoltageScaling
                0x08002254      0x148 ./Drivers/STM32G4xx_HAL_Driver/Src/stm32g4xx_hal_pwr_ex.o
                0x08002254                HAL_PWREx_ControlVoltageScaling
 .text.HAL_PWREx_DisableUCPDDeadBattery
                0x0800239c       0x20 ./Drivers/STM32G4xx_HAL_Driver/Src/stm32g4xx_hal_pwr_ex.o
                0x0800239c                HAL_PWREx_DisableUCPDDeadBattery
 .text.HAL_RCC_OscConfig
                0x080023bc      0x624 ./Drivers/STM32G4xx_HAL_Driver/Src/stm32g4xx_hal_rcc.o
                0x080023bc                HAL_RCC_OscConfig
 .text.HAL_RCC_ClockConfig
                0x080029e0      0x278 ./Drivers/STM32G4xx_HAL_Driver/Src/stm32g4xx_hal_rcc.o
                0x080029e0                HAL_RCC_ClockConfig
 .text.HAL_RCC_GetSysClockFreq
                0x08002c58       0xc4 ./Drivers/STM32G4xx_HAL_Driver/Src/stm32g4xx_hal_rcc.o
                0x08002c58                HAL_RCC_GetSysClockFreq
 .text.RCC_GetSysClockFreqFromPLLSource
                0x08002d1c       0x8c ./Drivers/STM32G4xx_HAL_Driver/Src/stm32g4xx_hal_rcc.o
 .text.memset   0x08002da8       0x10 C:/ST/STM32CubeIDE_1.16.0/STM32CubeIDE/plugins/com.st.stm32cube.ide.mcu.externaltools.gnu-tools-for-stm32.12.3.rel1.win32_1.0.200.202406191623/tools/bin/../lib/gcc/arm-none-eabi/12.3.1/../../../../arm-none-eabi/lib/thumb/v7e-m+fp/hard\libc_nano.a(libc_a-memset.o)
                0x08002da8                memset
 .text.__libc_init_array
                0x08002db8       0x48 C:/ST/STM32CubeIDE_1.16.0/STM32CubeIDE/plugins/com.st.stm32cube.ide.mcu.externaltools.gnu-tools-for-stm32.12.3.rel1.win32_1.0.200.202406191623/tools/bin/../lib/gcc/arm-none-eabi/12.3.1/../../../../arm-none-eabi/lib/thumb/v7e-m+fp/hard\libc_nano.a(libc_a-init.o)
                0x08002db8                __libc_init_array
 *(.glue_7)
 .glue_7        0x08002e00        0x0 linker stubs
 *(.glue_7t)
 .glue_7t       0x08002e00        0x0 linker stubs
 *(.eh_frame)
 .eh_frame      0x08002e00        0x0 C:/ST/STM32CubeIDE_1.16.0/STM32CubeIDE/plugins/com.st.stm32cube.ide.mcu.externaltools.gnu-tools-for-stm32.12.3.rel1.win32_1.0.200.202406191623/tools/bin/../lib/gcc/arm-none-eabi/12.3.1/thumb/v7e-m+fp/hard/crtbegin.o
 *(.init)
 .init          0x08002e00        0x4 C:/ST/STM32CubeIDE_1.16.0/STM32CubeIDE/plugins/com.st.stm32cube.ide.mcu.externaltools.gnu-tools-for-stm32.12.3.rel1.win32_1.0.200.202406191623/tools/bin/../lib/gcc/arm-none-eabi/12.3.1/thumb/v7e-m+fp/hard/crti.o
                0x08002e00                _init
 .init          0x08002e04        0x8 C:/ST/STM32CubeIDE_1.16.0/STM32CubeIDE/plugins/com.st.stm32cube.ide.mcu.externaltools.gnu-tools-for-stm32.12.3.rel1.win32_1.0.200.202406191623/tools/bin/../lib/gcc/arm-none-eabi/12.3.1/thumb/v7e-m+fp/hard/crtn.o
 *(.fini)
 .fini          0x08002e0c        0x4 C:/ST/STM32CubeIDE_1.16.0/STM32CubeIDE/plugins/com.st.stm32cube.ide.mcu.externaltools.gnu-tools-for-stm32.12.3.rel1.win32_1.0.200.202406191623/tools/bin/../lib/gcc/arm-none-eabi/12.3.1/thumb/v7e-m+fp/hard/crti.o
                0x08002e0c                _fini
 .fini          0x08002e10        0x8 C:/ST/STM32CubeIDE_1.16.0/STM32CubeIDE/plugins/com.st.stm32cube.ide.mcu.externaltools.gnu-tools-for-stm32.12.3.rel1.win32_1.0.200.202406191623/tools/bin/../lib/gcc/arm-none-eabi/12.3.1/thumb/v7e-m+fp/hard/crtn.o
                0x08002e18                        . = ALIGN (0x4)
                0x08002e18                        _etext = .

.vfp11_veneer   0x08002e18        0x0
 .vfp11_veneer  0x08002e18        0x0 linker stubs

.v4_bx          0x08002e18        0x0
 .v4_bx         0x08002e18        0x0 linker stubs

.iplt           0x08002e18        0x0
 .iplt          0x08002e18        0x0 C:/ST/STM32CubeIDE_1.16.0/STM32CubeIDE/plugins/com.st.stm32cube.ide.mcu.externaltools.gnu-tools-for-stm32.12.3.rel1.win32_1.0.200.202406191623/tools/bin/../lib/gcc/arm-none-eabi/12.3.1/thumb/v7e-m+fp/hard/crtbegin.o

.rodata         0x08002e18       0x10
                0x08002e18                        . = ALIGN (0x4)
 *(.rodata)
 *(.rodata*)
 .rodata.AHBPrescTable
                0x08002e18       0x10 ./Core/Src/system_stm32g4xx.o
                0x08002e18                AHBPrescTable
                0x08002e28                        . = ALIGN (0x4)

.ARM.extab      0x08002e28        0x0
                0x08002e28                        . = ALIGN (0x4)
 *(.ARM.extab* .gnu.linkonce.armextab.*)
                0x08002e28                        . = ALIGN (0x4)

.ARM            0x08002e28        0x0
                0x08002e28                        . = ALIGN (0x4)
                0x08002e28                        __exidx_start = .
 *(.ARM.exidx*)
                0x08002e28                        __exidx_end = .
                0x08002e28                        . = ALIGN (0x4)

.preinit_array  0x08002e28        0x0
                0x08002e28                        . = ALIGN (0x4)
                0x08002e28                        PROVIDE (__preinit_array_start = .)
 *(.preinit_array*)
                0x08002e28                        PROVIDE (__preinit_array_end = .)
                0x08002e28                        . = ALIGN (0x4)

.init_array     0x08002e28        0x4
                0x08002e28                        . = ALIGN (0x4)
                0x08002e28                        PROVIDE (__init_array_start = .)
 *(SORT_BY_NAME(.init_array.*))
 *(.init_array*)
 .init_array    0x08002e28        0x4 C:/ST/STM32CubeIDE_1.16.0/STM32CubeIDE/plugins/com.st.stm32cube.ide.mcu.externaltools.gnu-tools-for-stm32.12.3.rel1.win32_1.0.200.202406191623/tools/bin/../lib/gcc/arm-none-eabi/12.3.1/thumb/v7e-m+fp/hard/crtbegin.o
                0x08002e2c                        PROVIDE (__init_array_end = .)
                0x08002e2c                        . = ALIGN (0x4)

.fini_array     0x08002e2c        0x4
                0x08002e2c                        . = ALIGN (0x4)
                [!provide]                        PROVIDE (__fini_array_start = .)
 *(SORT_BY_NAME(.fini_array.*))
 *(.fini_array*)
 .fini_array    0x08002e2c        0x4 C:/ST/STM32CubeIDE_1.16.0/STM32CubeIDE/plugins/com.st.stm32cube.ide.mcu.externaltools.gnu-tools-for-stm32.12.3.rel1.win32_1.0.200.202406191623/tools/bin/../lib/gcc/arm-none-eabi/12.3.1/thumb/v7e-m+fp/hard/crtbegin.o
                [!provide]                        PROVIDE (__fini_array_end = .)
                0x08002e30                        . = ALIGN (0x4)
                0x08002e30                        _sidata = LOADADDR (.data)

.rel.dyn        0x08002e30        0x0
 .rel.iplt      0x08002e30        0x0 C:/ST/STM32CubeIDE_1.16.0/STM32CubeIDE/plugins/com.st.stm32cube.ide.mcu.externaltools.gnu-tools-for-stm32.12.3.rel1.win32_1.0.200.202406191623/tools/bin/../lib/gcc/arm-none-eabi/12.3.1/thumb/v7e-m+fp/hard/crtbegin.o

.data           0x20000000        0xc load address 0x08002e30
                0x20000000                        . = ALIGN (0x4)
                0x20000000                        _sdata = .
 *(.data)
 *(.data*)
 .data.SystemCoreClock
                0x20000000        0x4 ./Core/Src/system_stm32g4xx.o
                0x20000000                SystemCoreClock
 .data.uwTickPrio
                0x20000004        0x4 ./Drivers/STM32G4xx_HAL_Driver/Src/stm32g4xx_hal.o
                0x20000004                uwTickPrio
 .data.uwTickFreq
                0x20000008        0x4 ./Drivers/STM32G4xx_HAL_Driver/Src/stm32g4xx_hal.o
                0x20000008                uwTickFreq
 *(.RamFunc)
 *(.RamFunc*)
                0x2000000c                        . = ALIGN (0x4)
                0x2000000c                        _edata = .

.igot.plt       0x2000000c        0x0 load address 0x08002e3c
 .igot.plt      0x2000000c        0x0 C:/ST/STM32CubeIDE_1.16.0/STM32CubeIDE/plugins/com.st.stm32cube.ide.mcu.externaltools.gnu-tools-for-stm32.12.3.rel1.win32_1.0.200.202406191623/tools/bin/../lib/gcc/arm-none-eabi/12.3.1/thumb/v7e-m+fp/hard/crtbegin.o
                0x2000000c                        . = ALIGN (0x4)

.bss            0x2000000c      0x11c load address 0x08002e3c
                0x2000000c                        _sbss = .
                0x2000000c                        __bss_start__ = _sbss
 *(.bss)
 .bss           0x2000000c       0x1c C:/ST/STM32CubeIDE_1.16.0/STM32CubeIDE/plugins/com.st.stm32cube.ide.mcu.externaltools.gnu-tools-for-stm32.12.3.rel1.win32_1.0.200.202406191623/tools/bin/../lib/gcc/arm-none-eabi/12.3.1/thumb/v7e-m+fp/hard/crtbegin.o
 *(.bss*)
 .bss.hhrtim1   0x20000028       0xfc ./Core/Src/hrtim.o
                0x20000028                hhrtim1
 .bss.uwTick    0x20000124        0x4 ./Drivers/STM32G4xx_HAL_Driver/Src/stm32g4xx_hal.o
                0x20000124                uwTick
 *(COMMON)
                0x20000128                        . = ALIGN (0x4)
                0x20000128                        _ebss = .
                0x20000128                        __bss_end__ = _ebss

._user_heap_stack
                0x20000128      0x600 load address 0x08002e3c
                0x20000128                        . = ALIGN (0x8)
                [!provide]                        PROVIDE (end = .)
                0x20000128                        PROVIDE (_end = .)
                0x20000328                        . = (. + _Min_Heap_Size)
 *fill*         0x20000128      0x200 
                0x20000728                        . = (. + _Min_Stack_Size)
 *fill*         0x20000328      0x400 
                0x20000728                        . = ALIGN (0x8)

/DISCARD/
 libc.a(*)
 libm.a(*)
 libgcc.a(*)

.ARM.attributes
                0x00000000       0x30
 *(.ARM.attributes)
 .ARM.attributes
                0x00000000       0x22 C:/ST/STM32CubeIDE_1.16.0/STM32CubeIDE/plugins/com.st.stm32cube.ide.mcu.externaltools.gnu-tools-for-stm32.12.3.rel1.win32_1.0.200.202406191623/tools/bin/../lib/gcc/arm-none-eabi/12.3.1/thumb/v7e-m+fp/hard/crti.o
 .ARM.attributes
                0x00000022       0x34 C:/ST/STM32CubeIDE_1.16.0/STM32CubeIDE/plugins/com.st.stm32cube.ide.mcu.externaltools.gnu-tools-for-stm32.12.3.rel1.win32_1.0.200.202406191623/tools/bin/../lib/gcc/arm-none-eabi/12.3.1/thumb/v7e-m+fp/hard/crtbegin.o
 .ARM.attributes
                0x00000056       0x34 ./Core/Src/gpio.o
 .ARM.attributes
                0x0000008a       0x34 ./Core/Src/hrtim.o
 .ARM.attributes
                0x000000be       0x34 ./Core/Src/main.o
 .ARM.attributes
                0x000000f2       0x34 ./Core/Src/stm32g4xx_hal_msp.o
 .ARM.attributes
                0x00000126       0x34 ./Core/Src/stm32g4xx_it.o
 .ARM.attributes
                0x0000015a       0x34 ./Core/Src/system_stm32g4xx.o
 .ARM.attributes
                0x0000018e       0x21 ./Core/Startup/startup_stm32g474retx.o
 .ARM.attributes
                0x000001af       0x34 ./Drivers/STM32G4xx_HAL_Driver/Src/stm32g4xx_hal.o
 .ARM.attributes
                0x000001e3       0x34 ./Drivers/STM32G4xx_HAL_Driver/Src/stm32g4xx_hal_cortex.o
 .ARM.attributes
                0x00000217       0x34 ./Drivers/STM32G4xx_HAL_Driver/Src/stm32g4xx_hal_gpio.o
 .ARM.attributes
                0x0000024b       0x34 ./Drivers/STM32G4xx_HAL_Driver/Src/stm32g4xx_hal_hrtim.o
 .ARM.attributes
                0x0000027f       0x34 ./Drivers/STM32G4xx_HAL_Driver/Src/stm32g4xx_hal_pwr_ex.o
 .ARM.attributes
                0x000002b3       0x34 ./Drivers/STM32G4xx_HAL_Driver/Src/stm32g4xx_hal_rcc.o
 .ARM.attributes
                0x000002e7       0x34 C:/ST/STM32CubeIDE_1.16.0/STM32CubeIDE/plugins/com.st.stm32cube.ide.mcu.externaltools.gnu-tools-for-stm32.12.3.rel1.win32_1.0.200.202406191623/tools/bin/../lib/gcc/arm-none-eabi/12.3.1/../../../../arm-none-eabi/lib/thumb/v7e-m+fp/hard\libc_nano.a(libc_a-memset.o)
 .ARM.attributes
                0x0000031b       0x34 C:/ST/STM32CubeIDE_1.16.0/STM32CubeIDE/plugins/com.st.stm32cube.ide.mcu.externaltools.gnu-tools-for-stm32.12.3.rel1.win32_1.0.200.202406191623/tools/bin/../lib/gcc/arm-none-eabi/12.3.1/../../../../arm-none-eabi/lib/thumb/v7e-m+fp/hard\libc_nano.a(libc_a-init.o)
 .ARM.attributes
                0x0000034f       0x22 C:/ST/STM32CubeIDE_1.16.0/STM32CubeIDE/plugins/com.st.stm32cube.ide.mcu.externaltools.gnu-tools-for-stm32.12.3.rel1.win32_1.0.200.202406191623/tools/bin/../lib/gcc/arm-none-eabi/12.3.1/thumb/v7e-m+fp/hard/crtn.o
OUTPUT(getting-started-HRTIM-nucleog4.elf elf32-littlearm)
LOAD linker stubs
LOAD C:/ST/STM32CubeIDE_1.16.0/STM32CubeIDE/plugins/com.st.stm32cube.ide.mcu.externaltools.gnu-tools-for-stm32.12.3.rel1.win32_1.0.200.202406191623/tools/bin/../lib/gcc/arm-none-eabi/12.3.1/../../../../arm-none-eabi/lib/thumb/v7e-m+fp/hard\libc.a
LOAD C:/ST/STM32CubeIDE_1.16.0/STM32CubeIDE/plugins/com.st.stm32cube.ide.mcu.externaltools.gnu-tools-for-stm32.12.3.rel1.win32_1.0.200.202406191623/tools/bin/../lib/gcc/arm-none-eabi/12.3.1/../../../../arm-none-eabi/lib/thumb/v7e-m+fp/hard\libm.a
LOAD C:/ST/STM32CubeIDE_1.16.0/STM32CubeIDE/plugins/com.st.stm32cube.ide.mcu.externaltools.gnu-tools-for-stm32.12.3.rel1.win32_1.0.200.202406191623/tools/bin/../lib/gcc/arm-none-eabi/12.3.1/thumb/v7e-m+fp/hard\libgcc.a

.debug_info     0x00000000     0xa597
 .debug_info    0x00000000      0x447 ./Core/Src/gpio.o
 .debug_info    0x00000447     0x14a3 ./Core/Src/hrtim.o
 .debug_info    0x000018ea      0xdcf ./Core/Src/main.o
 .debug_info    0x000026b9      0x2da ./Core/Src/stm32g4xx_hal_msp.o
 .debug_info    0x00002993      0x113 ./Core/Src/stm32g4xx_it.o
 .debug_info    0x00002aa6      0x58e ./Core/Src/system_stm32g4xx.o
 .debug_info    0x00003034       0x30 ./Core/Startup/startup_stm32g474retx.o
 .debug_info    0x00003064      0xb95 ./Drivers/STM32G4xx_HAL_Driver/Src/stm32g4xx_hal.o
 .debug_info    0x00003bf9      0xdf9 ./Drivers/STM32G4xx_HAL_Driver/Src/stm32g4xx_hal_cortex.o
 .debug_info    0x000049f2      0x763 ./Drivers/STM32G4xx_HAL_Driver/Src/stm32g4xx_hal_gpio.o
 .debug_info    0x00005155     0x3f23 ./Drivers/STM32G4xx_HAL_Driver/Src/stm32g4xx_hal_hrtim.o
 .debug_info    0x00009078      0x93f ./Drivers/STM32G4xx_HAL_Driver/Src/stm32g4xx_hal_pwr_ex.o
 .debug_info    0x000099b7      0xbe0 ./Drivers/STM32G4xx_HAL_Driver/Src/stm32g4xx_hal_rcc.o

.debug_abbrev   0x00000000     0x1724
 .debug_abbrev  0x00000000      0x152 ./Core/Src/gpio.o
 .debug_abbrev  0x00000152      0x24b ./Core/Src/hrtim.o
 .debug_abbrev  0x0000039d      0x22b ./Core/Src/main.o
 .debug_abbrev  0x000005c8       0xd9 ./Core/Src/stm32g4xx_hal_msp.o
 .debug_abbrev  0x000006a1       0x73 ./Core/Src/stm32g4xx_it.o
 .debug_abbrev  0x00000714      0x11a ./Core/Src/system_stm32g4xx.o
 .debug_abbrev  0x0000082e       0x24 ./Core/Startup/startup_stm32g474retx.o
 .debug_abbrev  0x00000852      0x271 ./Drivers/STM32G4xx_HAL_Driver/Src/stm32g4xx_hal.o
 .debug_abbrev  0x00000ac3      0x31c ./Drivers/STM32G4xx_HAL_Driver/Src/stm32g4xx_hal_cortex.o
 .debug_abbrev  0x00000ddf      0x1cb ./Drivers/STM32G4xx_HAL_Driver/Src/stm32g4xx_hal_gpio.o
 .debug_abbrev  0x00000faa      0x285 ./Drivers/STM32G4xx_HAL_Driver/Src/stm32g4xx_hal_hrtim.o
 .debug_abbrev  0x0000122f      0x22c ./Drivers/STM32G4xx_HAL_Driver/Src/stm32g4xx_hal_pwr_ex.o
 .debug_abbrev  0x0000145b      0x2c9 ./Drivers/STM32G4xx_HAL_Driver/Src/stm32g4xx_hal_rcc.o

.debug_aranges  0x00000000      0xa98
 .debug_aranges
                0x00000000       0x20 ./Core/Src/gpio.o
 .debug_aranges
                0x00000020       0x38 ./Core/Src/hrtim.o
 .debug_aranges
                0x00000058       0x30 ./Core/Src/main.o
 .debug_aranges
                0x00000088       0x20 ./Core/Src/stm32g4xx_hal_msp.o
 .debug_aranges
                0x000000a8       0x60 ./Core/Src/stm32g4xx_it.o
 .debug_aranges
                0x00000108       0x28 ./Core/Src/system_stm32g4xx.o
 .debug_aranges
                0x00000130       0x28 ./Core/Startup/startup_stm32g474retx.o
 .debug_aranges
                0x00000158      0x148 ./Drivers/STM32G4xx_HAL_Driver/Src/stm32g4xx_hal.o
 .debug_aranges
                0x000002a0      0x128 ./Drivers/STM32G4xx_HAL_Driver/Src/stm32g4xx_hal_cortex.o
 .debug_aranges
                0x000003c8       0x58 ./Drivers/STM32G4xx_HAL_Driver/Src/stm32g4xx_hal_gpio.o
 .debug_aranges
                0x00000420      0x4a0 ./Drivers/STM32G4xx_HAL_Driver/Src/stm32g4xx_hal_hrtim.o
 .debug_aranges
                0x000008c0      0x140 ./Drivers/STM32G4xx_HAL_Driver/Src/stm32g4xx_hal_pwr_ex.o
 .debug_aranges
                0x00000a00       0x98 ./Drivers/STM32G4xx_HAL_Driver/Src/stm32g4xx_hal_rcc.o

.debug_rnglists
                0x00000000      0x814
 .debug_rnglists
                0x00000000       0x13 ./Core/Src/gpio.o
 .debug_rnglists
                0x00000013       0x26 ./Core/Src/hrtim.o
 .debug_rnglists
                0x00000039       0x20 ./Core/Src/main.o
 .debug_rnglists
                0x00000059       0x13 ./Core/Src/stm32g4xx_hal_msp.o
 .debug_rnglists
                0x0000006c       0x43 ./Core/Src/stm32g4xx_it.o
 .debug_rnglists
                0x000000af       0x1a ./Core/Src/system_stm32g4xx.o
 .debug_rnglists
                0x000000c9       0x19 ./Core/Startup/startup_stm32g474retx.o
 .debug_rnglists
                0x000000e2       0xf1 ./Drivers/STM32G4xx_HAL_Driver/Src/stm32g4xx_hal.o
 .debug_rnglists
                0x000001d3       0xda ./Drivers/STM32G4xx_HAL_Driver/Src/stm32g4xx_hal_cortex.o
 .debug_rnglists
                0x000002ad       0x3f ./Drivers/STM32G4xx_HAL_Driver/Src/stm32g4xx_hal_gpio.o
 .debug_rnglists
                0x000002ec      0x3c3 ./Drivers/STM32G4xx_HAL_Driver/Src/stm32g4xx_hal_hrtim.o
 .debug_rnglists
                0x000006af       0xf1 ./Drivers/STM32G4xx_HAL_Driver/Src/stm32g4xx_hal_pwr_ex.o
 .debug_rnglists
                0x000007a0       0x74 ./Drivers/STM32G4xx_HAL_Driver/Src/stm32g4xx_hal_rcc.o

.debug_macro    0x00000000    0x25800
 .debug_macro   0x00000000      0x1c9 ./Core/Src/gpio.o
 .debug_macro   0x000001c9      0xab4 ./Core/Src/gpio.o
 .debug_macro   0x00000c7d      0x155 ./Core/Src/gpio.o
 .debug_macro   0x00000dd2       0x2e ./Core/Src/gpio.o
 .debug_macro   0x00000e00       0x28 ./Core/Src/gpio.o
 .debug_macro   0x00000e28       0x22 ./Core/Src/gpio.o
 .debug_macro   0x00000e4a       0x8e ./Core/Src/gpio.o
 .debug_macro   0x00000ed8       0x51 ./Core/Src/gpio.o
 .debug_macro   0x00000f29      0x103 ./Core/Src/gpio.o
 .debug_macro   0x0000102c       0x6a ./Core/Src/gpio.o
 .debug_macro   0x00001096      0x1df ./Core/Src/gpio.o
 .debug_macro   0x00001275       0x1c ./Core/Src/gpio.o
 .debug_macro   0x00001291       0x22 ./Core/Src/gpio.o
 .debug_macro   0x000012b3       0xfb ./Core/Src/gpio.o
 .debug_macro   0x000013ae     0x1011 ./Core/Src/gpio.o
 .debug_macro   0x000023bf      0x11f ./Core/Src/gpio.o
 .debug_macro   0x000024de    0x18b8c ./Core/Src/gpio.o
 .debug_macro   0x0001b06a       0x6d ./Core/Src/gpio.o
 .debug_macro   0x0001b0d7     0x3558 ./Core/Src/gpio.o
 .debug_macro   0x0001e62f      0x189 ./Core/Src/gpio.o
 .debug_macro   0x0001e7b8       0x5c ./Core/Src/gpio.o
 .debug_macro   0x0001e814     0x171f ./Core/Src/gpio.o
 .debug_macro   0x0001ff33      0x600 ./Core/Src/gpio.o
 .debug_macro   0x00020533      0x1b6 ./Core/Src/gpio.o
 .debug_macro   0x000206e9      0x34a ./Core/Src/gpio.o
 .debug_macro   0x00020a33      0x53c ./Core/Src/gpio.o
 .debug_macro   0x00020f6f      0x18b ./Core/Src/gpio.o
 .debug_macro   0x000210fa       0x43 ./Core/Src/gpio.o
 .debug_macro   0x0002113d      0x23d ./Core/Src/gpio.o
 .debug_macro   0x0002137a      0x211 ./Core/Src/gpio.o
 .debug_macro   0x0002158b      0x45c ./Core/Src/gpio.o
 .debug_macro   0x000219e7      0x11c ./Core/Src/gpio.o
 .debug_macro   0x00021b03     0x20a8 ./Core/Src/gpio.o
 .debug_macro   0x00023bab      0x122 ./Core/Src/gpio.o
 .debug_macro   0x00023ccd      0x3d1 ./Core/Src/gpio.o
 .debug_macro   0x0002409e      0x358 ./Core/Src/gpio.o
 .debug_macro   0x000243f6       0x34 ./Core/Src/gpio.o
 .debug_macro   0x0002442a      0x1c9 ./Core/Src/hrtim.o
 .debug_macro   0x000245f3      0x1d7 ./Core/Src/main.o
 .debug_macro   0x000247ca      0x1bf ./Core/Src/stm32g4xx_hal_msp.o
 .debug_macro   0x00024989      0x1c9 ./Core/Src/stm32g4xx_it.o
 .debug_macro   0x00024b52      0x1b0 ./Core/Src/system_stm32g4xx.o
 .debug_macro   0x00024d02      0x1fe ./Drivers/STM32G4xx_HAL_Driver/Src/stm32g4xx_hal.o
 .debug_macro   0x00024f00      0x1b0 ./Drivers/STM32G4xx_HAL_Driver/Src/stm32g4xx_hal_cortex.o
 .debug_macro   0x000250b0      0x1b7 ./Drivers/STM32G4xx_HAL_Driver/Src/stm32g4xx_hal_gpio.o
 .debug_macro   0x00025267      0x1cd ./Drivers/STM32G4xx_HAL_Driver/Src/stm32g4xx_hal_hrtim.o
 .debug_macro   0x00025434      0x1da ./Drivers/STM32G4xx_HAL_Driver/Src/stm32g4xx_hal_pwr_ex.o
 .debug_macro   0x0002560e      0x1f2 ./Drivers/STM32G4xx_HAL_Driver/Src/stm32g4xx_hal_rcc.o

.debug_line     0x00000000     0xb7d7
 .debug_line    0x00000000      0x72c ./Core/Src/gpio.o
 .debug_line    0x0000072c      0x919 ./Core/Src/hrtim.o
 .debug_line    0x00001045      0x7b9 ./Core/Src/main.o
 .debug_line    0x000017fe      0x720 ./Core/Src/stm32g4xx_hal_msp.o
 .debug_line    0x00001f1e      0x7e1 ./Core/Src/stm32g4xx_it.o
 .debug_line    0x000026ff      0x78b ./Core/Src/system_stm32g4xx.o
 .debug_line    0x00002e8a       0x7b ./Core/Startup/startup_stm32g474retx.o
 .debug_line    0x00002f05      0xb47 ./Drivers/STM32G4xx_HAL_Driver/Src/stm32g4xx_hal.o
 .debug_line    0x00003a4c      0xcda ./Drivers/STM32G4xx_HAL_Driver/Src/stm32g4xx_hal_cortex.o
 .debug_line    0x00004726      0xb60 ./Drivers/STM32G4xx_HAL_Driver/Src/stm32g4xx_hal_gpio.o
 .debug_line    0x00005286     0x4989 ./Drivers/STM32G4xx_HAL_Driver/Src/stm32g4xx_hal_hrtim.o
 .debug_line    0x00009c0f      0xcb6 ./Drivers/STM32G4xx_HAL_Driver/Src/stm32g4xx_hal_pwr_ex.o
 .debug_line    0x0000a8c5      0xf12 ./Drivers/STM32G4xx_HAL_Driver/Src/stm32g4xx_hal_rcc.o

.debug_str      0x00000000    0xfedcc
 .debug_str     0x00000000    0xfacce ./Core/Src/gpio.o
                              0xfaf70 (size before relaxing)
 .debug_str     0x000facce      0xbc4 ./Core/Src/hrtim.o
                              0xfbb60 (size before relaxing)
 .debug_str     0x000fb892      0x1d2 ./Core/Src/main.o
                              0xfb6f2 (size before relaxing)
 .debug_str     0x000fba64       0x4d ./Core/Src/stm32g4xx_hal_msp.o
                              0xfaec6 (size before relaxing)
 .debug_str     0x000fbab1       0xc9 ./Core/Src/stm32g4xx_it.o
                              0xfadd5 (size before relaxing)
 .debug_str     0x000fbb7a       0xdb ./Core/Src/system_stm32g4xx.o
                              0xfae9b (size before relaxing)
 .debug_str     0x000fbc55       0x44 ./Core/Startup/startup_stm32g474retx.o
                                 0x8c (size before relaxing)
 .debug_str     0x000fbc99      0xc2a ./Drivers/STM32G4xx_HAL_Driver/Src/stm32g4xx_hal.o
                              0xfbbad (size before relaxing)
 .debug_str     0x000fc8c3      0x37c ./Drivers/STM32G4xx_HAL_Driver/Src/stm32g4xx_hal_cortex.o
                              0xfb869 (size before relaxing)
 .debug_str     0x000fcc3f      0x125 ./Drivers/STM32G4xx_HAL_Driver/Src/stm32g4xx_hal_gpio.o
                              0xfb026 (size before relaxing)
 .debug_str     0x000fcd64     0x16bd ./Drivers/STM32G4xx_HAL_Driver/Src/stm32g4xx_hal_hrtim.o
                              0xfd295 (size before relaxing)
 .debug_str     0x000fe421      0x4a5 ./Drivers/STM32G4xx_HAL_Driver/Src/stm32g4xx_hal_pwr_ex.o
                              0xfb389 (size before relaxing)
 .debug_str     0x000fe8c6      0x506 ./Drivers/STM32G4xx_HAL_Driver/Src/stm32g4xx_hal_rcc.o
                              0xfb5ba (size before relaxing)

.comment        0x00000000       0x43
 .comment       0x00000000       0x43 ./Core/Src/gpio.o
                                 0x44 (size before relaxing)
 .comment       0x00000043       0x44 ./Core/Src/hrtim.o
 .comment       0x00000043       0x44 ./Core/Src/main.o
 .comment       0x00000043       0x44 ./Core/Src/stm32g4xx_hal_msp.o
 .comment       0x00000043       0x44 ./Core/Src/stm32g4xx_it.o
 .comment       0x00000043       0x44 ./Core/Src/system_stm32g4xx.o
 .comment       0x00000043       0x44 ./Drivers/STM32G4xx_HAL_Driver/Src/stm32g4xx_hal.o
 .comment       0x00000043       0x44 ./Drivers/STM32G4xx_HAL_Driver/Src/stm32g4xx_hal_cortex.o
 .comment       0x00000043       0x44 ./Drivers/STM32G4xx_HAL_Driver/Src/stm32g4xx_hal_gpio.o
 .comment       0x00000043       0x44 ./Drivers/STM32G4xx_HAL_Driver/Src/stm32g4xx_hal_hrtim.o
 .comment       0x00000043       0x44 ./Drivers/STM32G4xx_HAL_Driver/Src/stm32g4xx_hal_pwr_ex.o
 .comment       0x00000043       0x44 ./Drivers/STM32G4xx_HAL_Driver/Src/stm32g4xx_hal_rcc.o

.debug_frame    0x00000000     0x2bdc
 .debug_frame   0x00000000       0x34 ./Core/Src/gpio.o
 .debug_frame   0x00000034       0xac ./Core/Src/hrtim.o
 .debug_frame   0x000000e0       0x68 ./Core/Src/main.o
 .debug_frame   0x00000148       0x34 ./Core/Src/stm32g4xx_hal_msp.o
 .debug_frame   0x0000017c      0x104 ./Core/Src/stm32g4xx_it.o
 .debug_frame   0x00000280       0x58 ./Core/Src/system_stm32g4xx.o
 .debug_frame   0x000002d8      0x500 ./Drivers/STM32G4xx_HAL_Driver/Src/stm32g4xx_hal.o
 .debug_frame   0x000007d8      0x4e8 ./Drivers/STM32G4xx_HAL_Driver/Src/stm32g4xx_hal_cortex.o
 .debug_frame   0x00000cc0      0x14c ./Drivers/STM32G4xx_HAL_Driver/Src/stm32g4xx_hal_gpio.o
 .debug_frame   0x00000e0c     0x164c ./Drivers/STM32G4xx_HAL_Driver/Src/stm32g4xx_hal_hrtim.o
 .debug_frame   0x00002458      0x4fc ./Drivers/STM32G4xx_HAL_Driver/Src/stm32g4xx_hal_pwr_ex.o
 .debug_frame   0x00002954      0x23c ./Drivers/STM32G4xx_HAL_Driver/Src/stm32g4xx_hal_rcc.o
 .debug_frame   0x00002b90       0x20 C:/ST/STM32CubeIDE_1.16.0/STM32CubeIDE/plugins/com.st.stm32cube.ide.mcu.externaltools.gnu-tools-for-stm32.12.3.rel1.win32_1.0.200.202406191623/tools/bin/../lib/gcc/arm-none-eabi/12.3.1/../../../../arm-none-eabi/lib/thumb/v7e-m+fp/hard\libc_nano.a(libc_a-memset.o)
 .debug_frame   0x00002bb0       0x2c C:/ST/STM32CubeIDE_1.16.0/STM32CubeIDE/plugins/com.st.stm32cube.ide.mcu.externaltools.gnu-tools-for-stm32.12.3.rel1.win32_1.0.200.202406191623/tools/bin/../lib/gcc/arm-none-eabi/12.3.1/../../../../arm-none-eabi/lib/thumb/v7e-m+fp/hard\libc_nano.a(libc_a-init.o)

.debug_line_str
                0x00000000       0x70
 .debug_line_str
                0x00000000       0x70 ./Core/Startup/startup_stm32g474retx.o
